Current date: [0-9]{4}-[0-9]{2}-[0-9]{2} [0-9]{2}:[0-9]{2}:[0-9]{2}(\.[0-9]+)?
Current module: .*/test/test_foo.py
